// Vitest Snapshot v1, https://vitest.dev/guide/snapshot.html

exports[`LoginButton > renders with snapshot 1`] = `
<div>
  <span
    class="error"
  />
  <button
    type="submit"
  >
    Login
  </button>
</div>
`;
